[producer_2] Iniciando. Topic: clientes
[producer_2] Conectado a Kafka en 127.0.0.1:9092
[producer_2] 5 clientes | ultimo=C-6F9CDAD977 Paola Nunez (frecuente)
[producer_2] 10 clientes | ultimo=C-B9CEE8D824 Hugo Salazar (mayoreo)
[producer_2] 15 clientes | ultimo=C-7C9999590F Mateo Aguilar (nuevo)
[producer_2] 20 clientes | ultimo=C-D849DC5729 Camila Herrera (evento)
[producer_2] 25 clientes | ultimo=C-D82EDC3045 Jorge Castillo (evento)
[producer_2] 30 clientes | ultimo=C-94940EFB43 Paola Nunez (nuevo)
[producer_2] 35 clientes | ultimo=C-A0A5B0B950 Mateo Aguilar (evento)
[producer_2] 40 clientes | ultimo=C-74C0331FC6 Jorge Castillo (mayoreo)
[producer_2] 45 clientes | ultimo=C-ACD7BF931D Valeria Ortiz (nuevo)
[producer_2] 50 clientes | ultimo=C-38F2209C9B Jorge Castillo (frecuente)
[producer_2] 55 clientes | ultimo=C-E377172C40 Mateo Aguilar (evento)
[producer_2] 60 clientes | ultimo=C-B24CD881F1 Andres Molina (frecuente)
[producer_2] 65 clientes | ultimo=C-9554C0024E Jorge Castillo (mayoreo)
[producer_2] 70 clientes | ultimo=C-9D8684AFE0 Elena Vargas (nuevo)
[producer_2] 75 clientes | ultimo=C-314702E46C Mateo Aguilar (mayoreo)
[producer_2] 80 clientes | ultimo=C-6C810A53C8 Mateo Aguilar (mayoreo)
[producer_2] 85 clientes | ultimo=C-A82F84E75C Hugo Salazar (evento)
[producer_2] 90 clientes | ultimo=C-A5E11F049E Elena Vargas (evento)
[producer_2] 95 clientes | ultimo=C-A372188E16 Ricardo Flores (mayoreo)
[producer_2] 100 clientes | ultimo=C-E6BE040ADD Hugo Salazar (nuevo)
[producer_2] 105 clientes | ultimo=C-8A6DF06E5B Hugo Salazar (nuevo)
[producer_2] 110 clientes | ultimo=C-1B6FFD0CFD Jorge Castillo (frecuente)
[producer_2] 115 clientes | ultimo=C-4810E7C1E8 Jorge Castillo (evento)
[producer_2] 120 clientes | ultimo=C-811E289E5E Mateo Aguilar (evento)
[producer_2] 125 clientes | ultimo=C-6C83930C34 Sofia Ramirez (evento)
[producer_2] 130 clientes | ultimo=C-0E9CD38F7E Camila Herrera (mayoreo)
[producer_2] 135 clientes | ultimo=C-802BB1EDDD Jorge Castillo (frecuente)
[producer_2] 140 clientes | ultimo=C-3D421F4948 Mateo Aguilar (evento)
[producer_2] 145 clientes | ultimo=C-0EBBF46450 Fernando Diaz (frecuente)
[producer_2] 150 clientes | ultimo=C-AC4A82ABD3 Paola Nunez (nuevo)
[producer_2] 155 clientes | ultimo=C-C2D30FE539 Valeria Ortiz (evento)
[producer_2] 160 clientes | ultimo=C-2948701F3B Elena Vargas (evento)
[producer_2] 165 clientes | ultimo=C-FF5C935112 Andres Molina (frecuente)
[producer_2] 170 clientes | ultimo=C-569B40E51E Ricardo Flores (frecuente)
[producer_2] 175 clientes | ultimo=C-22CF3C46C5 Jorge Castillo (frecuente)
[producer_2] 180 clientes | ultimo=C-DEA5A497D4 Jorge Castillo (evento)
[producer_2] 185 clientes | ultimo=C-3A7FE07D09 Mateo Aguilar (evento)
[producer_2] 190 clientes | ultimo=C-76F48B1FEF Fernando Diaz (frecuente)
[producer_2] 195 clientes | ultimo=C-CD2C812D79 Andres Molina (frecuente)
[producer_2] 200 clientes | ultimo=C-F8AAA3F5D6 Jorge Castillo (nuevo)
[producer_2] 205 clientes | ultimo=C-D59D00E864 Andres Molina (nuevo)
[producer_2] 210 clientes | ultimo=C-EC59A134EB Camila Herrera (evento)
[producer_2] 215 clientes | ultimo=C-5C09C93087 Daniela Pineda (mayoreo)
[producer_2] 220 clientes | ultimo=C-E1685E10A1 Mateo Aguilar (frecuente)
[producer_2] 225 clientes | ultimo=C-9EE0FBDA42 Jorge Castillo (frecuente)
